entered test with parameter 3
entered test3b with parameter 0
