main 5
aux 4
main 4
aux 3
main 3
aux 2
main 2
aux 1
main 1
