parent of test4 with parameter 4
parent of test3 with parameter 3
parent of test2 with parameter 2
parent of test1 with parameter 1
