Status: otimo
Objetivo: 66621/1094
Solucao:
0 11039/2188 0 7207/3282 3136/1641 0 0 0 0
Certificado:
309/2188 163/2188 0 0 527/2188
