thread sleep0 woke up and exiting
thread sleep1 woke up and exiting
thread sleep2 woke up and exiting
thread sleep3 woke up and exiting
thread sleep4 woke up and exiting
main thread exiting
