Status: ilimitado
Certificado:
1 0 905797/232786 0 0 187762/116393 245901/232786 104754/116393 0 469626/116393 125752/116393 0 0 0 0 9850399/232786 0 0 0
