Status: otimo
Objetivo: 7306376673/23482504
Solucao:
0 0 0 0 65059885/11741252 1051495/2935313 91087325/35223756 164275847/23482504 0 0 13560383/17611878 0 40173265/11741252 0 0 0 0 0 0 0
Certificado:
3783515/23482504 0 0 0 4312427/23482504 2274833/23482504 0 0 426471/2935313 0 5417255/23482504 1308709/5870626
