Status: otimo
Objetivo: 62/3
Solucao:
178/9 0 269/9 0 0 0 0 0 0
Certificado:
0 0 1/3 0 2/3
